java.lang.IndexOutOfBoundsException: Index -1 out of bounds for length 0
	at java.base/jdk.internal.util.Preconditions.outOfBounds(Preconditions.java:64)
	at java.base/jdk.internal.util.Preconditions.outOfBoundsCheckIndex(Preconditions.java:70)
	at java.base/jdk.internal.util.Preconditions.checkIndex(Preconditions.java:266)
	at java.base/java.util.Objects.checkIndex(Objects.java:361)
	at java.base/java.util.ArrayList$SubList.get(ArrayList.java:1149)
	at TRANSFORMER/geckolib3@3.1.40/software.bernie.shadowed.eliotlash.mclib.math.MathBuilder.parseSymbols(MathBuilder.java:306)
	at TRANSFORMER/geckolib3@3.1.40/software.bernie.shadowed.eliotlash.mclib.math.MathBuilder.parseSymbols(MathBuilder.java:282)
	at TRANSFORMER/geckolib3@3.1.40/software.bernie.shadowed.eliotlash.mclib.math.MathBuilder.createFunction(MathBuilder.java:439)
	at TRANSFORMER/geckolib3@3.1.40/software.bernie.shadowed.eliotlash.mclib.math.MathBuilder.parseSymbols(MathBuilder.java:266)
	at TRANSFORMER/geckolib3@3.1.40/software.bernie.shadowed.eliotlash.mclib.math.MathBuilder.parseSymbols(MathBuilder.java:308)
	at TRANSFORMER/geckolib3@3.1.40/software.bernie.shadowed.eliotlash.mclib.math.MathBuilder.parseSymbols(MathBuilder.java:283)
	at TRANSFORMER/geckolib3@3.1.40/software.bernie.geckolib3.core.molang.MolangParser.parseSymbolsMolang(MolangParser.java:228)
	at TRANSFORMER/geckolib3@3.1.40/software.bernie.geckolib3.core.molang.MolangParser.parseOneLine(MolangParser.java:216)
	at TRANSFORMER/geckolib3@3.1.40/software.bernie.geckolib3.core.molang.MolangParser.parseExpression(MolangParser.java:174)
	at TRANSFORMER/geckolib3@3.1.40/software.bernie.geckolib3.core.molang.MolangParser.parseJson(MolangParser.java:154)
	at TRANSFORMER/geckolib3@3.1.40/software.bernie.geckolib3.util.json.JsonKeyFrameUtils.parseExpression(JsonKeyFrameUtils.java:177)
	at TRANSFORMER/geckolib3@3.1.40/software.bernie.geckolib3.util.json.JsonKeyFrameUtils.convertJson(JsonKeyFrameUtils.java:55)
	at TRANSFORMER/geckolib3@3.1.40/software.bernie.geckolib3.util.json.JsonKeyFrameUtils.convertJsonToRotationKeyFrames(JsonKeyFrameUtils.java:171)
	at TRANSFORMER/geckolib3@3.1.40/software.bernie.geckolib3.util.json.JsonAnimationUtils.deserializeJsonToAnimation(JsonAnimationUtils.java:267)
	at TRANSFORMER/geckolib3@3.1.40/software.bernie.geckolib3.file.AnimationFileLoader.loadAllAnimations(AnimationFileLoader.java:30)
	at TRANSFORMER/geckolib3@3.1.40/software.bernie.geckolib3.resource.GeckoLibCache.lambda$reload$0(GeckoLibCache.java:72)
	at TRANSFORMER/geckolib3@3.1.40/software.bernie.geckolib3.resource.GeckoLibCache.lambda$loadResources$5(GeckoLibCache.java:90)
	at java.base/java.util.concurrent.CompletableFuture$AsyncSupply.run(CompletableFuture.java:1768)
	at java.base/java.util.concurrent.CompletableFuture$AsyncSupply.exec(CompletableFuture.java:1760)
	at java.base/java.util.concurrent.ForkJoinTask.doExec(ForkJoinTask.java:373)
	at java.base/java.util.concurrent.ForkJoinPool$WorkQueue.topLevelExec(ForkJoinPool.java:1182)
	at java.base/java.util.concurrent.ForkJoinPool.scan(ForkJoinPool.java:1655)
	at java.base/java.util.concurrent.ForkJoinPool.runWorker(ForkJoinPool.java:1622)
	at java.base/java.util.concurrent.ForkJoinWorkerThread.run(ForkJoinWorkerThread.java:165)
java.lang.IndexOutOfBoundsException: Index -1 out of bounds for length 0
	at java.base/jdk.internal.util.Preconditions.outOfBounds(Preconditions.java:64)
	at java.base/jdk.internal.util.Preconditions.outOfBoundsCheckIndex(Preconditions.java:70)
	at java.base/jdk.internal.util.Preconditions.checkIndex(Preconditions.java:266)
	at java.base/java.util.Objects.checkIndex(Objects.java:361)
	at java.base/java.util.ArrayList$SubList.get(ArrayList.java:1149)
	at TRANSFORMER/geckolib3@3.1.40/software.bernie.shadowed.eliotlash.mclib.math.MathBuilder.parseSymbols(MathBuilder.java:306)
	at TRANSFORMER/geckolib3@3.1.40/software.bernie.shadowed.eliotlash.mclib.math.MathBuilder.parseSymbols(MathBuilder.java:282)
	at TRANSFORMER/geckolib3@3.1.40/software.bernie.shadowed.eliotlash.mclib.math.MathBuilder.createFunction(MathBuilder.java:439)
	at TRANSFORMER/geckolib3@3.1.40/software.bernie.shadowed.eliotlash.mclib.math.MathBuilder.parseSymbols(MathBuilder.java:266)
	at TRANSFORMER/geckolib3@3.1.40/software.bernie.shadowed.eliotlash.mclib.math.MathBuilder.parseSymbols(MathBuilder.java:308)
	at TRANSFORMER/geckolib3@3.1.40/software.bernie.shadowed.eliotlash.mclib.math.MathBuilder.parseSymbols(MathBuilder.java:283)
	at TRANSFORMER/geckolib3@3.1.40/software.bernie.geckolib3.core.molang.MolangParser.parseSymbolsMolang(MolangParser.java:228)
	at TRANSFORMER/geckolib3@3.1.40/software.bernie.geckolib3.core.molang.MolangParser.parseOneLine(MolangParser.java:216)
	at TRANSFORMER/geckolib3@3.1.40/software.bernie.geckolib3.core.molang.MolangParser.parseExpression(MolangParser.java:174)
	at TRANSFORMER/geckolib3@3.1.40/software.bernie.geckolib3.core.molang.MolangParser.parseJson(MolangParser.java:154)
	at TRANSFORMER/geckolib3@3.1.40/software.bernie.geckolib3.util.json.JsonKeyFrameUtils.parseExpression(JsonKeyFrameUtils.java:177)
	at TRANSFORMER/geckolib3@3.1.40/software.bernie.geckolib3.util.json.JsonKeyFrameUtils.convertJson(JsonKeyFrameUtils.java:55)
	at TRANSFORMER/geckolib3@3.1.40/software.bernie.geckolib3.util.json.JsonKeyFrameUtils.convertJsonToRotationKeyFrames(JsonKeyFrameUtils.java:171)
	at TRANSFORMER/geckolib3@3.1.40/software.bernie.geckolib3.util.json.JsonAnimationUtils.deserializeJsonToAnimation(JsonAnimationUtils.java:267)
	at TRANSFORMER/geckolib3@3.1.40/software.bernie.geckolib3.file.AnimationFileLoader.loadAllAnimations(AnimationFileLoader.java:30)
	at TRANSFORMER/geckolib3@3.1.40/software.bernie.geckolib3.resource.GeckoLibCache.lambda$reload$0(GeckoLibCache.java:72)
	at TRANSFORMER/geckolib3@3.1.40/software.bernie.geckolib3.resource.GeckoLibCache.lambda$loadResources$5(GeckoLibCache.java:90)
	at java.base/java.util.concurrent.CompletableFuture$AsyncSupply.run(CompletableFuture.java:1768)
	at java.base/java.util.concurrent.CompletableFuture$AsyncSupply.exec(CompletableFuture.java:1760)
	at java.base/java.util.concurrent.ForkJoinTask.doExec(ForkJoinTask.java:373)
	at java.base/java.util.concurrent.ForkJoinPool$WorkQueue.topLevelExec(ForkJoinPool.java:1182)
	at java.base/java.util.concurrent.ForkJoinPool.scan(ForkJoinPool.java:1655)
	at java.base/java.util.concurrent.ForkJoinPool.runWorker(ForkJoinPool.java:1622)
	at java.base/java.util.concurrent.ForkJoinWorkerThread.run(ForkJoinWorkerThread.java:165)
java.lang.IllegalArgumentException: argument type mismatch
	at java.base/jdk.internal.reflect.NativeConstructorAccessorImpl.newInstance0(Native Method)
	at java.base/jdk.internal.reflect.NativeConstructorAccessorImpl.newInstance(NativeConstructorAccessorImpl.java:77)
	at java.base/jdk.internal.reflect.DelegatingConstructorAccessorImpl.newInstance(DelegatingConstructorAccessorImpl.java:45)
	at java.base/java.lang.reflect.Constructor.newInstanceWithCaller(Constructor.java:500)
	at java.base/java.lang.reflect.Constructor.newInstance(Constructor.java:481)
	at TRANSFORMER/industrialupgrade@3.4.0.9/com.denfop.integration.jei.JeiInform.initCategory(JeiInform.java:67)
	at TRANSFORMER/industrialupgrade@3.4.0.9/com.denfop.integration.jei.JEICompat.lambda$registerCategories$0(JEICompat.java:1952)
	at java.base/java.util.ArrayList.forEach(ArrayList.java:1511)
	at TRANSFORMER/industrialupgrade@3.4.0.9/com.denfop.integration.jei.JEICompat.registerCategories(JEICompat.java:1952)
	at TRANSFORMER/jei@11.8.1.1034/mezz.jei.library.load.PluginLoader.lambda$createRecipeCategories$3(PluginLoader.java:89)
	at TRANSFORMER/jei@11.8.1.1034/mezz.jei.library.load.PluginCaller.callOnPlugins(PluginCaller.java:25)
	at TRANSFORMER/jei@11.8.1.1034/mezz.jei.library.load.PluginLoader.createRecipeCategories(PluginLoader.java:89)
	at TRANSFORMER/jei@11.8.1.1034/mezz.jei.library.load.PluginLoader.createRecipeManager(PluginLoader.java:117)
	at TRANSFORMER/jei@11.8.1.1034/mezz.jei.library.startup.JeiStarter.start(JeiStarter.java:130)
	at TRANSFORMER/jei@11.8.1.1034/mezz.jei.forge.startup.StartEventObserver.transitionState(StartEventObserver.java:137)
	at TRANSFORMER/jei@11.8.1.1034/mezz.jei.forge.startup.StartEventObserver.onEvent(StartEventObserver.java:100)
	at MC-BOOTSTRAP/net.minecraftforge.eventbus/net.minecraftforge.eventbus.EventBus.doCastFilter(EventBus.java:260)
	at MC-BOOTSTRAP/net.minecraftforge.eventbus/net.minecraftforge.eventbus.EventBus.lambda$addListener$11(EventBus.java:252)
	at MC-BOOTSTRAP/net.minecraftforge.eventbus/net.minecraftforge.eventbus.EventBus.post(EventBus.java:315)
	at MC-BOOTSTRAP/net.minecraftforge.eventbus/net.minecraftforge.eventbus.EventBus.post(EventBus.java:296)
	at TRANSFORMER/minecraft@1.19.2/net.minecraft.client.multiplayer.ClientPacketListener.m_5859_(ClientPacketListener.java:1321)
	at TRANSFORMER/minecraft@1.19.2/net.minecraft.network.protocol.game.ClientboundUpdateTagsPacket.m_5797_(ClientboundUpdateTagsPacket.java:35)
	at TRANSFORMER/minecraft@1.19.2/net.minecraft.network.protocol.game.ClientboundUpdateTagsPacket.m_5797_(ClientboundUpdateTagsPacket.java:11)
	at TRANSFORMER/minecraft@1.19.2/net.minecraft.network.protocol.PacketUtils.m_131356_(PacketUtils.java:22)
	at TRANSFORMER/minecraft@1.19.2/net.minecraft.util.thread.BlockableEventLoop.m_6367_(BlockableEventLoop.java:157)
	at TRANSFORMER/minecraft@1.19.2/net.minecraft.util.thread.ReentrantBlockableEventLoop.m_6367_(ReentrantBlockableEventLoop.java:23)
	at TRANSFORMER/minecraft@1.19.2/net.minecraft.util.thread.BlockableEventLoop.m_7245_(BlockableEventLoop.java:131)
	at TRANSFORMER/minecraft@1.19.2/net.minecraft.util.thread.BlockableEventLoop.m_18699_(BlockableEventLoop.java:116)
	at TRANSFORMER/minecraft@1.19.2/net.minecraft.client.Minecraft.m_91383_(Minecraft.java:1072)
	at TRANSFORMER/minecraft@1.19.2/net.minecraft.client.Minecraft.m_91374_(Minecraft.java:700)
	at TRANSFORMER/minecraft@1.19.2/net.minecraft.client.main.Main.m_239872_(Main.java:212)
	at TRANSFORMER/minecraft@1.19.2/net.minecraft.client.main.Main.main(Main.java:51)
	at java.base/jdk.internal.reflect.NativeMethodAccessorImpl.invoke0(Native Method)
	at java.base/jdk.internal.reflect.NativeMethodAccessorImpl.invoke(NativeMethodAccessorImpl.java:77)
	at java.base/jdk.internal.reflect.DelegatingMethodAccessorImpl.invoke(DelegatingMethodAccessorImpl.java:43)
	at java.base/java.lang.reflect.Method.invoke(Method.java:569)
	at MC-BOOTSTRAP/fmlloader@1.19.2-43.5.2/net.minecraftforge.fml.loading.targets.CommonClientLaunchHandler.lambda$launchService$0(CommonClientLaunchHandler.java:27)
	at MC-BOOTSTRAP/cpw.mods.modlauncher@10.0.8/cpw.mods.modlauncher.LaunchServiceHandlerDecorator.launch(LaunchServiceHandlerDecorator.java:30)
	at MC-BOOTSTRAP/cpw.mods.modlauncher@10.0.8/cpw.mods.modlauncher.LaunchServiceHandler.launch(LaunchServiceHandler.java:53)
	at MC-BOOTSTRAP/cpw.mods.modlauncher@10.0.8/cpw.mods.modlauncher.LaunchServiceHandler.launch(LaunchServiceHandler.java:71)
	at MC-BOOTSTRAP/cpw.mods.modlauncher@10.0.8/cpw.mods.modlauncher.Launcher.run(Launcher.java:106)
	at MC-BOOTSTRAP/cpw.mods.modlauncher@10.0.8/cpw.mods.modlauncher.Launcher.main(Launcher.java:77)
	at MC-BOOTSTRAP/cpw.mods.modlauncher@10.0.8/cpw.mods.modlauncher.BootstrapLaunchConsumer.accept(BootstrapLaunchConsumer.java:26)
	at MC-BOOTSTRAP/cpw.mods.modlauncher@10.0.8/cpw.mods.modlauncher.BootstrapLaunchConsumer.accept(BootstrapLaunchConsumer.java:23)
	at cpw.mods.bootstraplauncher@1.1.2/cpw.mods.bootstraplauncher.BootstrapLauncher.main(BootstrapLauncher.java:141)
